
> phone-picker-ai@1.0.0 build
> next build

  ▲ Next.js 14.2.0
  - Environments: .env.local

   Creating an optimized production build ...
 ✓ Compiled successfully
   Linting and checking validity of types ...
   Collecting page data ...
PageNotFoundError: Cannot find module for page: /api/youtube-insights
    at getPagePath (F:\Github Projects\phone-picker-ai\node_modules\next\dist\server\require.js:94:15)
    at requirePage (F:\Github Projects\phone-picker-ai\node_modules\next\dist\server\require.js:99:22)
    at F:\Github Projects\phone-picker-ai\node_modules\next\dist\server\load-components.js:98:84
    at process.processTicksAndRejections (node:internal/process/task_queues:95:5)
    at async loadComponentsImpl (F:\Github Projects\phone-picker-ai\node_modules\next\dist\server\load-components.js:98:26)
    at async F:\Github Projects\phone-picker-ai\node_modules\next\dist\build\utils.js:1116:32
    at async Span.traceAsyncFn (F:\Github Projects\phone-picker-ai\node_modules\next\dist\trace\trace.js:154:20) {
  code: 'ENOENT'
}
PageNotFoundError: Cannot find module for page: /api/recommend
    at getPagePath (F:\Github Projects\phone-picker-ai\node_modules\next\dist\server\require.js:94:15)
    at requirePage (F:\Github Projects\phone-picker-ai\node_modules\next\dist\server\require.js:99:22)
    at F:\Github Projects\phone-picker-ai\node_modules\next\dist\server\load-components.js:98:84
    at process.processTicksAndRejections (node:internal/process/task_queues:95:5)
    at async loadComponentsImpl (F:\Github Projects\phone-picker-ai\node_modules\next\dist\server\load-components.js:98:26)
    at async F:\Github Projects\phone-picker-ai\node_modules\next\dist\build\utils.js:1116:32
    at async Span.traceAsyncFn (F:\Github Projects\phone-picker-ai\node_modules\next\dist\trace\trace.js:154:20) {
  code: 'ENOENT'
}

> Build error occurred
Error: Failed to collect page data for /api/youtube-insights
    at F:\Github Projects\phone-picker-ai\node_modules\next\dist\build\utils.js:1268:15
    at process.processTicksAndRejections (node:internal/process/task_queues:95:5) {
  type: 'Error'
}
